---
source: tests/edge_cases.rs
expression: json
---
{
  "cycle_data": {
    "with\"quotes\"": {
      "workspaces": [
        "ws1"
      ],
      "position": 0,
      "count": 1
    },
    "with\\backslash": {
      "workspaces": [
        "ws2"
      ],
      "position": 0,
      "count": 1
    },
    "workspace": {
      "workspaces": [
        "workspace"
      ],
      "position": 0,
      "count": 1
    }
  },
  "active_cycle": "with\\backslash"
}
